{"key":"testcases/3-testcases_mixed-heroes-not-verified.json#1","name":"Alonso.Onslaught.marksmen_only","n":1000,"game":[-3729],"mean":-3729,"sd":0,"p":1}
{"key":"testcases/3-testcases_mixed-heroes-not-verified.json#1","name":"Alonso.Onslaught.duration_two","n":1000,"game":[-3729],"mean":-3729,"sd":0,"p":1}
{"key":"testcases/3-testcases_mixed-heroes-not-verified.json#1","name":"current","n":1000,"game":[-3729],"mean":-3729,"sd":0,"p":1}
{"key":"testcases/3-testcases_mixed-heroes-not-verified.json#1","name":"Alonso.Onslaught.omit","n":1000,"game":[-3729],"mean":-3729,"sd":0,"p":1}
{"key":"testcases/3-testcases_mixed-heroes-not-verified.json#1","name":"Alonso.IronStrength.omit","n":1000,"game":[-3729],"mean":-3729,"sd":0,"p":1}
{"key":"testcases/3-testcases_mixed-heroes-not-verified.json#1","name":"Alonso.IronStrength.marksman_source_only","n":1000,"game":[-3729],"mean":-3729,"sd":0,"p":1}
{"key":"testcases/3-testcases_mixed-heroes-not-verified.json#1","name":"Alonso.IronStrength.all_enemy_targets","n":1000,"game":[-3729],"mean":-3729.47,"sd":0.5,"p":0.469527}
{"key":"testcases/3-testcases_mixed-heroes-not-verified.json#1","name":"Alonso.IronStrength.immediate","n":1000,"game":[-3729],"mean":-3729.37,"sd":0.48,"p":1}
{"key":"testcases/3-testcases_mixed-heroes-not-verified.json#1","name":"Alonso.IronStrength.duration_one","n":1000,"game":[-3729],"mean":-3729,"sd":0,"p":1}
{"key":"testcases/3-testcases_mixed-heroes-not-verified.json#2","name":"current","n":1000,"game":[-2823],"mean":-2907.78,"sd":26.6,"p":0.00475}
{"key":"testcases/3-testcases_mixed-heroes-not-verified.json#2","name":"Alonso.Onslaught.omit","n":1000,"game":[-2823],"mean":-2867.07,"sd":25.84,"p":0.090145}
{"key":"testcases/3-testcases_mixed-heroes-not-verified.json#2","name":"Alonso.Onslaught.marksmen_only","n":1000,"game":[-2823],"mean":-2888.54,"sd":25.63,"p":0.013049}
{"key":"testcases/3-testcases_mixed-heroes-not-verified.json#2","name":"Alonso.Onslaught.duration_two","n":1000,"game":[-2823],"mean":-2945.42,"sd":28.35,"p":0.00005}
{"key":"testcases/3-testcases_mixed-heroes-not-verified.json#2","name":"Alonso.IronStrength.omit","n":1000,"game":[-2823],"mean":-2886.11,"sd":26.41,"p":0.0078}
{"key":"testcases/3-testcases_mixed-heroes-not-verified.json#2","name":"Alonso.IronStrength.marksman_source_only","n":1000,"game":[-2823],"mean":-2896.13,"sd":26.68,"p":0.0049}
{"key":"testcases/3-testcases_mixed-heroes-not-verified.json#2","name":"Alonso.IronStrength.all_enemy_targets","n":1000,"game":[-2823],"mean":-3020.01,"sd":29.19,"p":0.00005}
{"key":"testcases/3-testcases_mixed-heroes-not-verified.json#2","name":"Alonso.IronStrength.immediate","n":1000,"game":[-2823],"mean":-2905.58,"sd":26.6,"p":0.00425}
{"key":"testcases/3-testcases_mixed-heroes-not-verified.json#2","name":"Alonso.IronStrength.duration_one","n":1000,"game":[-2823],"mean":-2901.28,"sd":26.58,"p":0.0049}
{"key":"testcases/3-testcases_mixed-heroes-not-verified.json#3","name":"Bahiti.SixthSense.marksmen_only","n":1000,"game":[-519],"mean":-161.41,"sd":72.28,"p":0.00655}
{"key":"testcases/3-testcases_mixed-heroes-not-verified.json#3","name":"current","n":1000,"game":[-519],"mean":-516.66,"sd":7.01,"p":0.882156}
{"key":"testcases/3-testcases_mixed-heroes-not-verified.json#3","name":"Bahiti.SixthSense.omit","n":1000,"game":[-519],"mean":-98.58,"sd":206.92,"p":0.050997}
{"key":"testcases/3-testcases_mixed-heroes-not-verified.json#3","name":"Bahiti.Fluorescence.omit","n":1000,"game":[-519],"mean":736,"sd":0,"p":0.00005}
{"key":"testcases/3-testcases_mixed-heroes-not-verified.json#3","name":"Bahiti.Fluorescence.marksman_source_only","n":1000,"game":[-519],"mean":-435.61,"sd":28.67,"p":0.00085}
{"key":"testcases/3-testcases_mixed-heroes-not-verified.json#4","name":"current","n":1000,"game":[9282],"mean":9334.3,"sd":42.37,"p":0.263537}
{"key":"testcases/3-testcases_mixed-heroes-not-verified.json#3","name":"Bahiti.Fluorescence.one_turn_lifetime","n":1000,"game":[-519],"mean":-516.66,"sd":7.01,"p":0.882156}
{"key":"testcases/3-testcases_mixed-heroes-not-verified.json#4","name":"Bahiti.SixthSense.omit","n":1000,"game":[9282],"mean":9721.01,"sd":32.05,"p":0.00005}
{"key":"testcases/3-testcases_mixed-heroes-not-verified.json#4","name":"Bahiti.SixthSense.marksmen_only","n":1000,"game":[9282],"mean":9710.45,"sd":32.19,"p":0.00005}
{"key":"testcases/3-testcases_mixed-heroes-not-verified.json#4","name":"Bahiti.Fluorescence.omit","n":1000,"game":[9282],"mean":9802,"sd":0,"p":0.00005}
{"key":"testcases/3-testcases_mixed-heroes-not-verified.json#4","name":"Bahiti.Fluorescence.marksman_source_only","n":1000,"game":[9282],"mean":9529.92,"sd":30.69,"p":0.00005}
{"key":"testcases/3-testcases_mixed-heroes-not-verified.json#4","name":"Bahiti.Fluorescence.one_turn_lifetime","n":1000,"game":[9282],"mean":9334.3,"sd":42.37,"p":0.263537}
{"key":"testcases/3-testcases_mixed-heroes-not-verified.json#5","name":"current","n":1000,"game":[-2295],"mean":-2271.85,"sd":9.4,"p":0.015999}
{"key":"testcases/3-testcases_mixed-heroes-not-verified.json#5","name":"Alonso.Onslaught.omit","n":1000,"game":[-2295],"mean":-2280.7,"sd":8.84,"p":0.114494}
{"key":"testcases/3-testcases_mixed-heroes-not-verified.json#5","name":"Alonso.Onslaught.marksmen_only","n":1000,"game":[-2295],"mean":-2274.89,"sd":9.18,"p":0.026749}
{"key":"testcases/3-testcases_mixed-heroes-not-verified.json#5","name":"Alonso.IronStrength.omit","n":1000,"game":[-2295],"mean":-2273.74,"sd":9.33,"p":0.026349}
{"key":"testcases/3-testcases_mixed-heroes-not-verified.json#5","name":"Alonso.Onslaught.duration_two","n":1000,"game":[-2295],"mean":-2263.14,"sd":10.42,"p":0.0015}
{"key":"testcases/3-testcases_mixed-heroes-not-verified.json#5","name":"Alonso.IronStrength.marksman_source_only","n":1000,"game":[-2295],"mean":-2272.64,"sd":9.89,"p":0.034448}
{"key":"testcases/3-testcases_mixed-heroes-not-verified.json#5","name":"Alonso.IronStrength.all_enemy_targets","n":1000,"game":[-2295],"mean":-2258.18,"sd":9.92,"p":0.00005}
{"key":"testcases/3-testcases_mixed-heroes-not-verified.json#5","name":"Alonso.IronStrength.immediate","n":1000,"game":[-2295],"mean":-2272.17,"sd":9.42,"p":0.019249}
{"key":"testcases/3-testcases_mixed-heroes-not-verified.json#5","name":"Alonso.IronStrength.duration_one","n":1000,"game":[-2295],"mean":-2272.38,"sd":9.42,"p":0.021099}
{"key":"testcases/3-testcases_mixed-heroes-not-verified.json#5","name":"Alonso.PoisonHarpoon.omit","n":1000,"game":[-2295],"mean":-2282.92,"sd":8.93,"p":0.19134}
{"key":"testcases/3-testcases_mixed-heroes-not-verified.json#5","name":"Alonso.PoisonHarpoon.marksman_source_only","n":1000,"game":[-2295],"mean":-2275.44,"sd":9.81,"p":0.049448}
{"key":"testcases/emulator_verified/alonso_attacker_600_all.json#0","name":"current","n":1000,"game":[-269,-245,-243,-246,-270,-245],"mean":-256.37,"sd":10.33,"p":0.438028}
{"key":"testcases/emulator_verified/alonso_attacker_600_all.json#0","name":"Alonso.Onslaught.omit","n":1000,"game":[-269,-245,-243,-246,-270,-245],"mean":-290.99,"sd":1.01,"p":0.00005}
{"key":"testcases/emulator_verified/alonso_attacker_600_all.json#0","name":"Alonso.Onslaught.marksmen_only","n":1000,"game":[-269,-245,-243,-246,-270,-245],"mean":-266.74,"sd":2.56,"p":0.0001}
{"key":"testcases/emulator_verified/alonso_attacker_600_all.json#0","name":"Alonso.IronStrength.omit","n":1000,"game":[-269,-245,-243,-246,-270,-245],"mean":-258.58,"sd":10.33,"p":0.238338}
{"key":"testcases/emulator_verified/alonso_attacker_600_all.json#0","name":"Alonso.Onslaught.duration_two","n":1000,"game":[-269,-245,-243,-246,-270,-245],"mean":-222.91,"sd":15.39,"p":0.00015}
{"key":"testcases/emulator_verified/alonso_attacker_600_all.json#0","name":"Alonso.IronStrength.marksman_source_only","n":1000,"game":[-269,-245,-243,-246,-270,-245],"mean":-256.61,"sd":10.38,"p":0.435628}
{"key":"testcases/emulator_verified/alonso_attacker_600_all.json#0","name":"Alonso.IronStrength.all_enemy_targets","n":1000,"game":[-269,-245,-243,-246,-270,-245],"mean":-194.59,"sd":24.79,"p":0.0001}
{"key":"testcases/emulator_verified/alonso_attacker_600_all.json#0","name":"Alonso.IronStrength.immediate","n":1000,"game":[-269,-245,-243,-246,-270,-245],"mean":-256.78,"sd":10.41,"p":0.40633}
{"key":"testcases/emulator_verified/alonso_attacker_600_all.json#0","name":"Alonso.IronStrength.duration_one","n":1000,"game":[-269,-245,-243,-246,-270,-245],"mean":-256.86,"sd":10.38,"p":0.415779}
{"key":"testcases/emulator_verified/alonso_attacker_900_inf_lancer.json#0","name":"current","n":1000,"game":[-465,-464,-465,-464],"mean":-463.36,"sd":1,"p":0.045348}
{"key":"testcases/emulator_verified/alonso_attacker_900_inf_lancer.json#0","name":"Alonso.Onslaught.omit","n":1000,"game":[-465,-464,-465,-464],"mean":-469,"sd":0,"p":0.00005}
{"key":"testcases/emulator_verified/alonso_attacker_900_inf_lancer.json#0","name":"Alonso.Onslaught.marksmen_only","n":1000,"game":[-465,-464,-465,-464],"mean":-469,"sd":0,"p":0.00005}
{"key":"testcases/emulator_verified/alonso_attacker_900_inf_lancer.json#0","name":"Alonso.Onslaught.duration_two","n":1000,"game":[-465,-464,-465,-464],"mean":-458.07,"sd":2.01,"p":0.00005}
{"key":"testcases/emulator_verified/alonso_attacker_900_inf_lancer.json#0","name":"Alonso.IronStrength.omit","n":1000,"game":[-465,-464,-465,-464],"mean":-463.52,"sd":1,"p":0.087196}
{"key":"testcases/emulator_verified/alonso_attacker_900_inf_lancer.json#0","name":"Alonso.IronStrength.marksman_source_only","n":1000,"game":[-465,-464,-465,-464],"mean":-463.54,"sd":1.03,"p":0.101345}
{"key":"testcases/emulator_verified/alonso_attacker_900_inf_lancer.json#0","name":"Alonso.IronStrength.all_enemy_targets","n":1000,"game":[-465,-464,-465,-464],"mean":-455.75,"sd":1.87,"p":0.00005}
{"key":"testcases/emulator_verified/alonso_attacker_900_inf_lancer.json#0","name":"Alonso.IronStrength.immediate","n":1000,"game":[-465,-464,-465,-464],"mean":-463.39,"sd":0.99,"p":0.041698}
{"key":"testcases/emulator_verified/alonso_attacker_900_inf_lancer.json#0","name":"Alonso.IronStrength.duration_one","n":1000,"game":[-465,-464,-465,-464],"mean":-463.42,"sd":0.99,"p":0.041948}
{"key":"testcases/emulator_verified/alonso_attacker_900_inf_lancer.json#1","name":"current","n":1000,"game":[-461,-459],"mean":-459.6,"sd":1.03,"p":0.896205}
{"key":"testcases/emulator_verified/alonso_attacker_900_inf_lancer.json#1","name":"Alonso.Onslaught.omit","n":1000,"game":[-461,-459],"mean":-465,"sd":0,"p":0.00005}
{"key":"testcases/emulator_verified/alonso_attacker_900_inf_lancer.json#1","name":"Alonso.Onslaught.marksmen_only","n":1000,"game":[-461,-459],"mean":-465,"sd":0,"p":0.00005}
{"key":"testcases/emulator_verified/alonso_attacker_900_inf_lancer.json#1","name":"Alonso.Onslaught.duration_two","n":1000,"game":[-461,-459],"mean":-454.22,"sd":2,"p":0.0001}
{"key":"testcases/emulator_verified/alonso_attacker_900_inf_lancer.json#1","name":"Alonso.IronStrength.omit","n":1000,"game":[-461,-459],"mean":-459.89,"sd":1.04,"p":0.902505}
{"key":"testcases/emulator_verified/alonso_attacker_900_inf_lancer.json#1","name":"Alonso.IronStrength.marksman_source_only","n":1000,"game":[-461,-459],"mean":-459.84,"sd":1.08,"p":0.908955}
{"key":"testcases/emulator_verified/alonso_attacker_900_inf_lancer.json#1","name":"Alonso.IronStrength.all_enemy_targets","n":1000,"game":[-461,-459],"mean":-451.86,"sd":1.92,"p":0.00015}
{"key":"testcases/emulator_verified/alonso_attacker_900_inf_lancer.json#1","name":"Alonso.IronStrength.immediate","n":1000,"game":[-461,-459],"mean":-459.68,"sd":1.03,"p":0.894155}
{"key":"testcases/emulator_verified/alonso_attacker_900_inf_lancer.json#1","name":"Alonso.IronStrength.duration_one","n":1000,"game":[-461,-459],"mean":-459.7,"sd":1.03,"p":0.894105}
{"key":"testcases/emulator_verified/alonso_minxxx_defender.json#0","name":"current","n":1000,"game":[1454,1435,1486,1429,1453,1472,1419,1455],"mean":1457.55,"sd":15.94,"p":0.19184}
{"key":"testcases/emulator_verified/alonso_minxxx_defender.json#0","name":"Alonso.Onslaught.omit","n":1000,"game":[1454,1435,1486,1429,1453,1472,1419,1455],"mean":1517.45,"sd":10.11,"p":0.00005}
{"key":"testcases/emulator_verified/alonso_minxxx_defender.json#0","name":"Alonso.Onslaught.marksmen_only","n":1000,"game":[1454,1435,1486,1429,1453,1472,1419,1455],"mean":1475.94,"sd":13.89,"p":0.00035}
{"key":"testcases/emulator_verified/alonso_minxxx_defender.json#0","name":"Alonso.Onslaught.duration_two","n":1000,"game":[1454,1435,1486,1429,1453,1472,1419,1455],"mean":1399.68,"sd":25.05,"p":0.00005}
{"key":"testcases/emulator_verified/alonso_minxxx_defender.json#0","name":"Alonso.IronStrength.omit","n":1000,"game":[1454,1435,1486,1429,1453,1472,1419,1455],"mean":1479.85,"sd":15.18,"p":0.0003}
{"key":"testcases/emulator_verified/alonso_minxxx_defender.json#0","name":"Alonso.IronStrength.marksman_source_only","n":1000,"game":[1454,1435,1486,1429,1453,1472,1419,1455],"mean":1467.06,"sd":18.93,"p":0.042748}
{"key":"testcases/emulator_verified/alonso_minxxx_defender.json#0","name":"Alonso.IronStrength.all_enemy_targets","n":1000,"game":[1454,1435,1486,1429,1453,1472,1419,1455],"mean":1345.61,"sd":26.11,"p":0.0001}
{"key":"testcases/emulator_verified/alonso_minxxx_defender.json#0","name":"Alonso.IronStrength.immediate","n":1000,"game":[1454,1435,1486,1429,1453,1472,1419,1455],"mean":1461.46,"sd":16.95,"p":0.041648}
{"key":"testcases/emulator_verified/alonso_minxxx_defender.json#0","name":"Alonso.PoisonHarpoon.omit","n":1000,"game":[1454,1435,1486,1429,1453,1472,1419,1455],"mean":1550.04,"sd":9.95,"p":0.0001}
{"key":"testcases/emulator_verified/alonso_minxxx_defender.json#0","name":"Alonso.IronStrength.duration_one","n":1000,"game":[1454,1435,1486,1429,1453,1472,1419,1455],"mean":1461.46,"sd":16.95,"p":0.041648}
{"key":"testcases/emulator_verified/alonso_norah_combo.json#0","name":"current","n":1000,"game":[-394,-392],"mean":-392.89,"sd":2.91,"p":0.923904}
{"key":"testcases/emulator_verified/alonso_minxxx_defender.json#0","name":"Alonso.PoisonHarpoon.marksman_source_only","n":1000,"game":[1454,1435,1486,1429,1453,1472,1419,1455],"mean":1486.92,"sd":15.19,"p":0.00005}
{"key":"testcases/emulator_verified/alonso_norah_combo.json#0","name":"Alonso.Onslaught.omit","n":1000,"game":[-394,-392],"mean":-386.95,"sd":2.12,"p":0.0005}
{"key":"testcases/emulator_verified/alonso_norah_combo.json#0","name":"Alonso.Onslaught.marksmen_only","n":1000,"game":[-394,-392],"mean":-390.52,"sd":2.47,"p":0.19889}
{"key":"testcases/emulator_verified/alonso_norah_combo.json#0","name":"Alonso.Onslaught.duration_two","n":1000,"game":[-394,-392],"mean":-397.45,"sd":3.66,"p":0.124344}
{"key":"testcases/emulator_verified/alonso_norah_combo.json#0","name":"Alonso.IronStrength.omit","n":1000,"game":[-394,-392],"mean":-391.5,"sd":2.96,"p":0.721414}
{"key":"testcases/emulator_verified/alonso_norah_combo.json#0","name":"Alonso.IronStrength.marksman_source_only","n":1000,"game":[-394,-392],"mean":-392.2,"sd":2.96,"p":0.879356}
{"key":"testcases/emulator_verified/alonso_norah_combo.json#0","name":"Alonso.IronStrength.all_enemy_targets","n":1000,"game":[-394,-392],"mean":-402.63,"sd":3.36,"p":0.0002}
{"key":"testcases/emulator_verified/alonso_norah_combo.json#0","name":"Alonso.IronStrength.immediate","n":1000,"game":[-394,-392],"mean":-393.06,"sd":2.96,"p":0.955452}
{"key":"testcases/emulator_verified/alonso_norah_combo.json#0","name":"Alonso.IronStrength.duration_one","n":1000,"game":[-394,-392],"mean":-392.56,"sd":2.92,"p":0.922004}
{"key":"testcases/emulator_verified/alonso_norah_combo.json#0","name":"Alonso.PoisonHarpoon.omit","n":1000,"game":[-394,-392],"mean":-383.31,"sd":2.81,"p":0.00005}
{"key":"testcases/emulator_verified/alonso_norah_combo.json#0","name":"Alonso.PoisonHarpoon.marksman_source_only","n":1000,"game":[-394,-392],"mean":-389.48,"sd":2.84,"p":0.111394}
{"key":"testcases/emulator_verified/alonso_norah_combo.json#2","name":"current","n":1000,"game":[-389,-391],"mean":-392.98,"sd":2.8,"p":0.20424}
{"key":"testcases/emulator_verified/alonso_norah_combo.json#2","name":"Alonso.Onslaught.omit","n":1000,"game":[-389,-391],"mean":-386.99,"sd":2.18,"p":0.069497}
{"key":"testcases/emulator_verified/alonso_norah_combo.json#2","name":"Alonso.Onslaught.marksmen_only","n":1000,"game":[-389,-391],"mean":-390.69,"sd":2.36,"p":0.872206}
{"key":"testcases/emulator_verified/alonso_norah_combo.json#2","name":"Alonso.Onslaught.duration_two","n":1000,"game":[-389,-391],"mean":-397.77,"sd":3.66,"p":0.00125}
{"key":"testcases/emulator_verified/alonso_norah_combo.json#2","name":"Alonso.IronStrength.omit","n":1000,"game":[-389,-391],"mean":-391.63,"sd":2.86,"p":0.733113}
{"key":"testcases/emulator_verified/alonso_norah_combo.json#2","name":"Alonso.IronStrength.marksman_source_only","n":1000,"game":[-389,-391],"mean":-392.18,"sd":3,"p":0.482376}
{"key":"testcases/emulator_verified/alonso_norah_combo.json#2","name":"Alonso.IronStrength.all_enemy_targets","n":1000,"game":[-389,-391],"mean":-402.84,"sd":3.29,"p":0.0001}
{"key":"testcases/emulator_verified/alonso_norah_combo.json#2","name":"Alonso.IronStrength.immediate","n":1000,"game":[-389,-391],"mean":-393.17,"sd":2.86,"p":0.172991}
{"key":"testcases/emulator_verified/alonso_norah_combo.json#2","name":"Alonso.IronStrength.duration_one","n":1000,"game":[-389,-391],"mean":-392.67,"sd":2.84,"p":0.310734}
{"key":"testcases/emulator_verified/alonso_norah_combo.json#2","name":"Alonso.PoisonHarpoon.omit","n":1000,"game":[-389,-391],"mean":-383.32,"sd":2.78,"p":0.00065}
{"key":"testcases/emulator_verified/alonso_norah_combo.json#2","name":"Alonso.PoisonHarpoon.marksman_source_only","n":1000,"game":[-389,-391],"mean":-389.53,"sd":2.89,"p":0.935803}
{"key":"testcases/emulator_verified/alonso_solo.json#0","name":"Alonso.Onslaught.omit","n":1000,"game":[1491,1535,1280,744,964,1451,1550,897,854,282],"mean":2050.33,"sd":110.94,"p":0.00005}
{"key":"testcases/emulator_verified/alonso_solo.json#0","name":"current","n":1000,"game":[1491,1535,1280,744,964,1451,1550,897,854,282],"mean":1231.04,"sd":335.51,"p":0.293085}
{"key":"testcases/emulator_verified/alonso_solo.json#0","name":"Alonso.Onslaught.marksmen_only","n":1000,"game":[1491,1535,1280,744,964,1451,1550,897,854,282],"mean":1513.65,"sd":215.21,"p":0.0001}
{"key":"testcases/emulator_verified/alonso_solo.json#0","name":"Alonso.Onslaught.duration_two","n":1000,"game":[1491,1535,1280,744,964,1451,1550,897,854,282],"mean":65.5,"sd":336.96,"p":0.0001}
{"key":"testcases/emulator_verified/alonso_solo.json#0","name":"Alonso.IronStrength.omit","n":1000,"game":[1491,1535,1280,744,964,1451,1550,897,854,282],"mean":1298.94,"sd":294.22,"p":0.074696}
{"key":"testcases/emulator_verified/alonso_solo.json#0","name":"Alonso.IronStrength.marksman_source_only","n":1000,"game":[1491,1535,1280,744,964,1451,1550,897,854,282],"mean":1250.53,"sd":332.84,"p":0.224289}
{"key":"testcases/emulator_verified/alonso_solo.json#0","name":"Alonso.IronStrength.immediate","n":1000,"game":[1491,1535,1280,744,964,1451,1550,897,854,282],"mean":1261.35,"sd":316.19,"p":0.166942}
{"key":"testcases/emulator_verified/alonso_solo.json#0","name":"Alonso.IronStrength.all_enemy_targets","n":1000,"game":[1491,1535,1280,744,964,1451,1550,897,854,282],"mean":-132.6,"sd":81.11,"p":0.00005}
{"key":"testcases/emulator_verified/alonso_solo.json#0","name":"Alonso.IronStrength.duration_one","n":1000,"game":[1491,1535,1280,744,964,1451,1550,897,854,282],"mean":1261.35,"sd":316.19,"p":0.166942}
{"key":"testcases/emulator_verified/alonso_solo.json#0","name":"Alonso.PoisonHarpoon.omit","n":1000,"game":[1491,1535,1280,744,964,1451,1550,897,854,282],"mean":2391.72,"sd":94.93,"p":0.00005}
{"key":"testcases/emulator_verified/alonso_solo.json#0","name":"Alonso.PoisonHarpoon.marksman_source_only","n":1000,"game":[1491,1535,1280,744,964,1451,1550,897,854,282],"mean":1637.78,"sd":209.63,"p":0.00005}
{"key":"testcases/emulator_verified/alonso_solo_v2.json#0","name":"current","n":1000,"game":[-498,-539,-555,-509,-495,-486],"mean":-487.4,"sd":51.13,"p":0.302535}
{"key":"testcases/emulator_verified/alonso_solo_v2.json#0","name":"Alonso.Onslaught.omit","n":1000,"game":[-498,-539,-555,-509,-495,-486],"mean":-627.94,"sd":25.96,"p":0.00005}
{"key":"testcases/emulator_verified/alonso_solo_v2.json#0","name":"Alonso.Onslaught.marksmen_only","n":1000,"game":[-498,-539,-555,-509,-495,-486],"mean":-532.84,"sd":41.73,"p":0.346083}
{"key":"testcases/emulator_verified/alonso_solo_v2.json#0","name":"Alonso.Onslaught.duration_two","n":1000,"game":[-498,-539,-555,-509,-495,-486],"mean":-281.12,"sd":139.13,"p":0.0002}
{"key":"testcases/emulator_verified/alonso_solo_v2.json#0","name":"Alonso.IronStrength.marksman_source_only","n":1000,"game":[-498,-539,-555,-509,-495,-486],"mean":-515.53,"sd":42.47,"p":0.902605}
{"key":"testcases/emulator_verified/alonso_solo_v2.json#0","name":"Alonso.IronStrength.omit","n":1000,"game":[-498,-539,-555,-509,-495,-486],"mean":-521.93,"sd":40.25,"p":0.718914}
{"key":"testcases/emulator_verified/alonso_solo_v2.json#0","name":"Alonso.IronStrength.all_enemy_targets","n":1000,"game":[-498,-539,-555,-509,-495,-486],"mean":-59.33,"sd":128.83,"p":0.0001}
{"key":"testcases/emulator_verified/alonso_solo_v2.json#0","name":"Alonso.IronStrength.immediate","n":1000,"game":[-498,-539,-555,-509,-495,-486],"mean":-502.38,"sd":50.56,"p":0.715264}
{"key":"testcases/emulator_verified/alonso_solo_v2.json#0","name":"Alonso.PoisonHarpoon.omit","n":1000,"game":[-498,-539,-555,-509,-495,-486],"mean":-675.66,"sd":11.99,"p":0.00015}
{"key":"testcases/emulator_verified/alonso_solo_v2.json#0","name":"Alonso.IronStrength.duration_one","n":1000,"game":[-498,-539,-555,-509,-495,-486],"mean":-515.43,"sd":43.61,"p":0.855707}
{"key":"testcases/emulator_verified/alonso_solo_v2.json#0","name":"Alonso.PoisonHarpoon.marksman_source_only","n":1000,"game":[-498,-539,-555,-509,-495,-486],"mean":-556.75,"sd":43.42,"p":0.010299}
{"key":"testcases/emulator_verified/alonso_solo_v2.json#1","name":"current","n":1000,"game":[61,28,46,71,-97,21,-95,66,-8,61,37,-39,-115,44,1,30,28,56,6],"mean":-18.01,"sd":87.78,"p":0.39158}
{"key":"testcases/emulator_verified/alonso_solo_v2.json#1","name":"Alonso.Onslaught.marksmen_only","n":1000,"game":[61,28,46,71,-97,21,-95,66,-8,61,37,-39,-115,44,1,30,28,56,6],"mean":-115.83,"sd":108.8,"p":0.0001}
{"key":"testcases/emulator_verified/alonso_solo_v2.json#1","name":"Alonso.Onslaught.duration_two","n":1000,"game":[61,28,46,71,-97,21,-95,66,-8,61,37,-39,-115,44,1,30,28,56,6],"mean":89.71,"sd":27.07,"p":0.00005}
{"key":"testcases/emulator_verified/alonso_solo_v2.json#1","name":"Alonso.Onslaught.omit","n":1000,"game":[61,28,46,71,-97,21,-95,66,-8,61,37,-39,-115,44,1,30,28,56,6],"mean":-371.97,"sd":45.86,"p":0.00005}
{"key":"testcases/emulator_verified/alonso_solo_v2.json#1","name":"Alonso.IronStrength.omit","n":1000,"game":[61,28,46,71,-97,21,-95,66,-8,61,37,-39,-115,44,1,30,28,56,6],"mean":-54.54,"sd":107.94,"p":0.012499}
{"key":"testcases/emulator_verified/alonso_solo_v2.json#1","name":"Alonso.IronStrength.marksman_source_only","n":1000,"game":[61,28,46,71,-97,21,-95,66,-8,61,37,-39,-115,44,1,30,28,56,6],"mean":-23.31,"sd":91.42,"p":0.171541}
{"key":"testcases/emulator_verified/alonso_solo_v2.json#1","name":"Alonso.IronStrength.all_enemy_targets","n":1000,"game":[61,28,46,71,-97,21,-95,66,-8,61,37,-39,-115,44,1,30,28,56,6],"mean":137.05,"sd":21.49,"p":0.00005}
{"key":"testcases/emulator_verified/alonso_solo_v2.json#1","name":"Alonso.IronStrength.immediate","n":1000,"game":[61,28,46,71,-97,21,-95,66,-8,61,37,-39,-115,44,1,30,28,56,6],"mean":-17.82,"sd":88.65,"p":0.441978}
{"key":"testcases/emulator_verified/alonso_solo_v2.json#1","name":"Alonso.IronStrength.duration_one","n":1000,"game":[61,28,46,71,-97,21,-95,66,-8,61,37,-39,-115,44,1,30,28,56,6],"mean":-29.74,"sd":92.6,"p":0.090545}
{"key":"testcases/emulator_verified/alonso_solo_v2.json#1","name":"Alonso.PoisonHarpoon.omit","n":1000,"game":[61,28,46,71,-97,21,-95,66,-8,61,37,-39,-115,44,1,30,28,56,6],"mean":-474.57,"sd":31.21,"p":0.0001}
{"key":"testcases/emulator_verified/alonso_solo_v2.json#1","name":"Alonso.PoisonHarpoon.marksman_source_only","n":1000,"game":[61,28,46,71,-97,21,-95,66,-8,61,37,-39,-115,44,1,30,28,56,6],"mean":-189.65,"sd":114.01,"p":0.00005}
{"key":"testcases/emulator_verified/alonso_vs_alonso.json#0","name":"current","n":1000,"game":[1561,1541,1557,1553,1564,1559,1558,1544],"mean":1553.6,"sd":15.41,"p":0.669267}
{"key":"testcases/emulator_verified/alonso_vs_alonso.json#0","name":"Alonso.Onslaught.omit","n":1000,"game":[1561,1541,1557,1553,1564,1559,1558,1544],"mean":1586.92,"sd":10.27,"p":0.00005}
{"key":"testcases/emulator_verified/alonso_vs_alonso.json#0","name":"Alonso.Onslaught.marksmen_only","n":1000,"game":[1561,1541,1557,1553,1564,1559,1558,1544],"mean":1559.66,"sd":11.9,"p":0.39128}
{"key":"testcases/emulator_verified/alonso_vs_alonso.json#0","name":"Alonso.Onslaught.duration_two","n":1000,"game":[1561,1541,1557,1553,1564,1559,1558,1544],"mean":1525.99,"sd":25.41,"p":0.00015}
{"key":"testcases/emulator_verified/alonso_vs_alonso.json#0","name":"Alonso.IronStrength.omit","n":1000,"game":[1561,1541,1557,1553,1564,1559,1558,1544],"mean":1559.03,"sd":14.83,"p":0.429779}
{"key":"testcases/emulator_verified/alonso_vs_alonso.json#0","name":"Alonso.IronStrength.marksman_source_only","n":1000,"game":[1561,1541,1557,1553,1564,1559,1558,1544],"mean":1557.62,"sd":14.73,"p":0.577371}
{"key":"testcases/emulator_verified/alonso_vs_alonso.json#0","name":"Alonso.IronStrength.immediate","n":1000,"game":[1561,1541,1557,1553,1564,1559,1558,1544],"mean":1558.07,"sd":15.18,"p":0.500125}
{"key":"testcases/emulator_verified/alonso_vs_alonso.json#0","name":"Alonso.IronStrength.all_enemy_targets","n":1000,"game":[1561,1541,1557,1553,1564,1559,1558,1544],"mean":1492.73,"sd":23.1,"p":0.00005}
{"key":"testcases/emulator_verified/alonso_vs_alonso.json#0","name":"Alonso.IronStrength.duration_one","n":1000,"game":[1561,1541,1557,1553,1564,1559,1558,1544],"mean":1556.52,"sd":15.21,"p":0.59667}
{"key":"testcases/emulator_verified/alonso_vs_alonso.json#0","name":"Alonso.PoisonHarpoon.omit","n":1000,"game":[1561,1541,1557,1553,1564,1559,1558,1544],"mean":1629.38,"sd":10.2,"p":0.00005}
{"key":"testcases/emulator_verified/alonso_vs_alonso.json#0","name":"Alonso.PoisonHarpoon.marksman_source_only","n":1000,"game":[1561,1541,1557,1553,1564,1559,1558,1544],"mean":1576.3,"sd":14.54,"p":0.00045}
{"key":"testcases/emulator_verified/alonso_vs_alonso_inf_lancer.json#0","name":"Alonso.Onslaught.omit","n":1000,"game":[-752,-744,-737,-741,-753,-764,-745,-756],"mean":-700.55,"sd":10.24,"p":0.0002}
{"key":"testcases/emulator_verified/alonso_vs_alonso_inf_lancer.json#0","name":"current","n":1000,"game":[-752,-744,-737,-741,-753,-764,-745,-756],"mean":-750.58,"sd":13.45,"p":0.894505}
{"key":"testcases/emulator_verified/alonso_vs_alonso_inf_lancer.json#0","name":"Alonso.Onslaught.marksmen_only","n":1000,"game":[-752,-744,-737,-741,-753,-764,-745,-756],"mean":-700.55,"sd":10.24,"p":0.0002}
{"key":"testcases/emulator_verified/alonso_vs_alonso_inf_lancer.json#0","name":"Alonso.Onslaught.duration_two","n":1000,"game":[-752,-744,-737,-741,-753,-764,-745,-756],"mean":-789.78,"sd":18.92,"p":0.00005}
{"key":"testcases/emulator_verified/alonso_vs_alonso_inf_lancer.json#0","name":"Alonso.IronStrength.omit","n":1000,"game":[-752,-744,-737,-741,-753,-764,-745,-756],"mean":-733.66,"sd":13.12,"p":0.00105}
{"key":"testcases/emulator_verified/alonso_vs_alonso_inf_lancer.json#0","name":"Alonso.IronStrength.marksman_source_only","n":1000,"game":[-752,-744,-737,-741,-753,-764,-745,-756],"mean":-733.92,"sd":13.34,"p":0.00175}
{"key":"testcases/emulator_verified/alonso_vs_alonso_inf_lancer.json#0","name":"Alonso.IronStrength.all_enemy_targets","n":1000,"game":[-752,-744,-737,-741,-753,-764,-745,-756],"mean":-814.58,"sd":17.58,"p":0.0001}
{"key":"testcases/emulator_verified/alonso_vs_alonso_inf_lancer.json#0","name":"Alonso.IronStrength.immediate","n":1000,"game":[-752,-744,-737,-741,-753,-764,-745,-756],"mean":-743.7,"sd":13.22,"p":0.490425}
{"key":"testcases/emulator_verified/alonso_wip_attacker.json#0","name":"current","n":1000,"game":[1770,1766,1770,1766,1778,1770,1766,1765],"mean":1769.36,"sd":3.56,"p":0.810959}
{"key":"testcases/emulator_verified/alonso_vs_alonso_inf_lancer.json#0","name":"Alonso.IronStrength.duration_one","n":1000,"game":[-752,-744,-737,-741,-753,-764,-745,-756],"mean":-744.29,"sd":13.02,"p":0.59372}
{"key":"testcases/emulator_verified/alonso_vs_alonso_inf_lancer.json#0","name":"Alonso.PoisonHarpoon.omit","n":1000,"game":[-752,-744,-737,-741,-753,-764,-745,-756],"mean":-616.22,"sd":11.27,"p":0.00015}
{"key":"testcases/emulator_verified/alonso_vs_alonso_inf_lancer.json#0","name":"Alonso.PoisonHarpoon.marksman_source_only","n":1000,"game":[-752,-744,-737,-741,-753,-764,-745,-756],"mean":-616.76,"sd":12.06,"p":0.0001}
{"key":"testcases/emulator_verified/alonso_wip_attacker.json#0","name":"Alonso.Onslaught.omit","n":1000,"game":[1770,1766,1770,1766,1778,1770,1766,1765],"mean":1757.84,"sd":0.47,"p":0.00005}
{"key":"testcases/emulator_verified/alonso_wip_attacker.json#0","name":"Alonso.Onslaught.marksmen_only","n":1000,"game":[1770,1766,1770,1766,1778,1770,1766,1765],"mean":1765.42,"sd":1.09,"p":0.00005}
{"key":"testcases/emulator_verified/alonso_wip_attacker.json#0","name":"Alonso.IronStrength.omit","n":1000,"game":[1770,1766,1770,1766,1778,1770,1766,1765],"mean":1767.08,"sd":3.5,"p":0.056997}
{"key":"testcases/emulator_verified/alonso_wip_attacker.json#0","name":"Alonso.Onslaught.duration_two","n":1000,"game":[1770,1766,1770,1766,1778,1770,1766,1765],"mean":1778.64,"sd":4.33,"p":0.00005}
{"key":"testcases/emulator_verified/alonso_wip_attacker.json#0","name":"Alonso.IronStrength.marksman_source_only","n":1000,"game":[1770,1766,1770,1766,1778,1770,1766,1765],"mean":1768.03,"sd":3.36,"p":0.323734}
{"key":"testcases/emulator_verified/alonso_wip_attacker.json#0","name":"Alonso.IronStrength.all_enemy_targets","n":1000,"game":[1770,1766,1770,1766,1778,1770,1766,1765],"mean":1782.04,"sd":3.88,"p":0.0001}
{"key":"testcases/emulator_verified/alonso_wip_attacker.json#0","name":"Alonso.IronStrength.duration_one","n":1000,"game":[1770,1766,1770,1766,1778,1770,1766,1765],"mean":1768.74,"sd":3.57,"p":0.59567}
{"key":"testcases/emulator_verified/alonso_wip_attacker.json#0","name":"Alonso.IronStrength.immediate","n":1000,"game":[1770,1766,1770,1766,1778,1770,1766,1765],"mean":1769.48,"sd":3.59,"p":0.823259}
{"key":"testcases/emulator_verified/bahiti_norah_combo_nc.json#0","name":"current","n":1000,"game":[269],"mean":196.25,"sd":139.23,"p":0.681716}
{"key":"testcases/emulator_verified/bahiti_norah_combo_nc.json#0","name":"Bahiti.SixthSense.omit","n":1000,"game":[269],"mean":665.99,"sd":73.71,"p":0.00005}
{"key":"testcases/emulator_verified/bahiti_norah_combo_nc.json#0","name":"Bahiti.Fluorescence.omit","n":1000,"game":[269],"mean":688.72,"sd":40.4,"p":0.00005}
{"key":"testcases/emulator_verified/bahiti_norah_combo_nc.json#0","name":"Bahiti.SixthSense.marksmen_only","n":1000,"game":[269],"mean":645.25,"sd":76.33,"p":0.00005}
{"key":"testcases/emulator_verified/bahiti_norah_combo_nc.json#0","name":"Bahiti.Fluorescence.marksman_source_only","n":1000,"game":[269],"mean":436.84,"sd":114.02,"p":0.066047}
{"key":"testcases/emulator_verified/bahiti_norah_combo_nc.json#0","name":"Bahiti.Fluorescence.one_turn_lifetime","n":1000,"game":[269],"mean":167.4,"sd":147.54,"p":0.637318}
{"key":"testcases/emulator_verified/bahiti_solo.json#0","name":"current","n":1000,"game":[2179,2233],"mean":2229.4,"sd":50.6,"p":0.840858}
{"key":"testcases/emulator_verified/bahiti_solo.json#0","name":"Bahiti.SixthSense.omit","n":1000,"game":[2179,2233],"mean":2558.2,"sd":27.96,"p":0.00015}
{"key":"testcases/emulator_verified/bahiti_solo.json#0","name":"Bahiti.Fluorescence.omit","n":1000,"game":[2179,2233],"mean":2594,"sd":0,"p":0.00005}
{"key":"testcases/emulator_verified/bahiti_solo.json#0","name":"Bahiti.SixthSense.marksmen_only","n":1000,"game":[2179,2233],"mean":2534.2,"sd":35.58,"p":0.00005}
{"key":"testcases/emulator_verified/bahiti_solo.json#0","name":"Bahiti.Fluorescence.marksman_source_only","n":1000,"game":[2179,2233],"mean":2362.86,"sd":44.11,"p":0.00005}
{"key":"testcases/emulator_verified/bahiti_solo_nc.json#0","name":"Bahiti.SixthSense.omit","n":1000,"game":[3675],"mean":3698.68,"sd":5.34,"p":0.00005}
{"key":"testcases/emulator_verified/bahiti_solo.json#0","name":"Bahiti.Fluorescence.one_turn_lifetime","n":1000,"game":[2179,2233],"mean":2229.4,"sd":50.6,"p":0.840858}
{"key":"testcases/emulator_verified/bahiti_solo_nc.json#0","name":"current","n":1000,"game":[3675],"mean":3677.31,"sd":5.54,"p":0.729014}
{"key":"testcases/emulator_verified/bahiti_solo_nc.json#0","name":"Bahiti.SixthSense.marksmen_only","n":1000,"game":[3675],"mean":3696.73,"sd":5.4,"p":0.00005}
{"key":"testcases/emulator_verified/bahiti_solo_nc.json#0","name":"Bahiti.Fluorescence.omit","n":1000,"game":[3675],"mean":3713,"sd":0,"p":0.00005}
{"key":"testcases/emulator_verified/bahiti_solo_nc.json#0","name":"Bahiti.Fluorescence.marksman_source_only","n":1000,"game":[3675],"mean":3688.3,"sd":5.02,"p":0.00935}
{"key":"testcases/emulator_verified/bahiti_solo_nc.json#0","name":"Bahiti.Fluorescence.one_turn_lifetime","n":1000,"game":[3675],"mean":3677.31,"sd":5.54,"p":0.729014}
{"key":"testcases/emulator_verified/flint_reina_zinman_combo.json#0","name":"current","n":1000,"game":[-439],"mean":-444.72,"sd":6.33,"p":0.410729}
{"key":"testcases/emulator_verified/flint_reina_zinman_combo.json#0","name":"Flint.Pyromaniac.all_own_types","n":1000,"game":[-439],"mean":-482.76,"sd":4.92,"p":0.00005}
{"key":"testcases/emulator_verified/flint_reina_zinman_combo.json#0","name":"Flint.Pyromaniac.omit","n":1000,"game":[-439],"mean":-438.85,"sd":6.68,"p":0.986001}
{"key":"testcases/emulator_verified/flint_reina_zinman_combo.json#0","name":"Flint.BurningResolve.omit","n":1000,"game":[-439],"mean":-424.58,"sd":5.94,"p":0.020049}
{"key":"testcases/emulator_verified/flint_reina_zinman_combo.json#0","name":"Flint.BurningResolve.infantry_only","n":1000,"game":[-439],"mean":-429.86,"sd":5.86,"p":0.136893}
{"key":"testcases/emulator_verified/flint_solo_nc.json#0","name":"Flint.Pyromaniac.omit","n":1,"game":[2862],"mean":2901,"sd":0,"p":null}
{"key":"testcases/emulator_verified/flint_solo_nc.json#0","name":"current","n":1,"game":[2862],"mean":2861,"sd":0,"p":null}
{"key":"testcases/emulator_verified/flint_solo_nc.json#0","name":"Flint.BurningResolve.omit","n":1,"game":[2862],"mean":2972,"sd":0,"p":null}
{"key":"testcases/emulator_verified/flint_solo_nc.json#0","name":"Flint.Pyromaniac.all_own_types","n":1,"game":[2862],"mean":2139,"sd":0,"p":null}
{"key":"testcases/emulator_verified/flint_solo_nc.json#0","name":"Flint.Immolation.omit","n":1,"game":[2862],"mean":2919,"sd":0,"p":null}
{"key":"testcases/emulator_verified/flint_solo_nc.json#0","name":"Flint.BurningResolve.infantry_only","n":1,"game":[2862],"mean":2959,"sd":0,"p":null}
{"key":"testcases/emulator_verified/flint_solo_nc.json#0","name":"Flint.Immolation.infantry_only","n":1,"game":[2862],"mean":2913,"sd":0,"p":null}
{"key":"testcases/emulator_verified/flint_zinman_combo_nc.json#0","name":"current","n":1,"game":[1005],"mean":1005,"sd":0,"p":null}
{"key":"testcases/emulator_verified/flint_zinman_combo_nc.json#0","name":"Flint.Pyromaniac.omit","n":1,"game":[1005],"mean":1078,"sd":0,"p":null}
{"key":"testcases/emulator_verified/flint_zinman_combo_nc.json#0","name":"Flint.Pyromaniac.all_own_types","n":1,"game":[1005],"mean":-188,"sd":0,"p":null}
{"key":"testcases/emulator_verified/flint_zinman_combo_nc.json#0","name":"Flint.BurningResolve.omit","n":1,"game":[1005],"mean":1196,"sd":0,"p":null}
{"key":"testcases/emulator_verified/flint_zinman_combo_nc.json#0","name":"Flint.BurningResolve.infantry_only","n":1,"game":[1005],"mean":1183,"sd":0,"p":null}
{"key":"testcases/emulator_verified/flint_zinman_combo_nc.json#0","name":"Flint.Immolation.omit","n":1,"game":[1005],"mean":1114,"sd":0,"p":null}
{"key":"testcases/emulator_verified/flint_zinman_combo_nc.json#0","name":"Flint.Immolation.infantry_only","n":1,"game":[1005],"mean":1114,"sd":0,"p":null}
{"key":"testcases/emulator_verified/flint_reina_zinman_combo.json#0","name":"Flint.Immolation.infantry_only","n":1000,"game":[-439],"mean":-439.26,"sd":5.83,"p":1}
{"key":"testcases/emulator_verified/flint_reina_zinman_combo.json#0","name":"Flint.Immolation.omit","n":1000,"game":[-439],"mean":-434.63,"sd":6.52,"p":0.40678}
{"key":"testcases/emulator_verified/logan_bahiti_combo_nc.json#0","name":"Bahiti.Fluorescence.omit","n":1000,"game":[-517],"mean":-499.94,"sd":13.67,"p":0.275586}
{"key":"testcases/emulator_verified/logan_bahiti_combo_nc.json#0","name":"Bahiti.SixthSense.marksmen_only","n":1000,"game":[-517],"mean":-505.76,"sd":12.82,"p":0.375781}
{"key":"testcases/emulator_verified/logan_bahiti_combo_nc.json#0","name":"Bahiti.SixthSense.omit","n":1000,"game":[-517],"mean":-502.4,"sd":13.9,"p":0.307235}
{"key":"testcases/emulator_verified/logan_bahiti_combo_nc.json#0","name":"current","n":1000,"game":[-517],"mean":-509.22,"sd":13.03,"p":0.669417}
{"key":"testcases/emulator_verified/logan_bahiti_combo_nc.json#0","name":"Bahiti.Fluorescence.marksman_source_only","n":1000,"game":[-517],"mean":-505.92,"sd":13.22,"p":0.475576}
{"key":"testcases/emulator_verified/logan_bahiti_combo_nc.json#0","name":"Bahiti.Fluorescence.one_turn_lifetime","n":1000,"game":[-517],"mean":-509.22,"sd":13.03,"p":0.669417}
{"key":"testcases/emulator_verified/logan_reina_bahiti_combo_nc.json#0","name":"current","n":1000,"game":[-482],"mean":-495.28,"sd":16.17,"p":0.359482}
{"key":"testcases/emulator_verified/logan_reina_bahiti_combo_nc.json#0","name":"Bahiti.SixthSense.omit","n":1000,"game":[-482],"mean":-487.49,"sd":17.27,"p":0.825259}
{"key":"testcases/emulator_verified/logan_reina_bahiti_combo_nc.json#0","name":"Bahiti.Fluorescence.marksman_source_only","n":1000,"game":[-482],"mean":-490.96,"sd":16.59,"p":0.427079}
{"key":"testcases/emulator_verified/logan_reina_bahiti_combo_nc.json#0","name":"Bahiti.Fluorescence.omit","n":1000,"game":[-482],"mean":-484.32,"sd":17.24,"p":0.945653}
{"key":"testcases/emulator_verified/logan_reina_bahiti_combo_nc.json#0","name":"Bahiti.SixthSense.marksmen_only","n":1000,"game":[-482],"mean":-491.17,"sd":16.08,"p":0.513624}
{"key":"testcases/emulator_verified/logan_reina_bahiti_combo_nc.json#0","name":"Bahiti.Fluorescence.one_turn_lifetime","n":1000,"game":[-482],"mean":-495.28,"sd":16.17,"p":0.359482}
{"key":"testcases/emulator_verified/philly_bahiti_combo.json#0","name":"current","n":1000,"game":[-556],"mean":-558.4,"sd":1.89,"p":0.453327}
{"key":"testcases/emulator_verified/philly_bahiti_combo.json#0","name":"Bahiti.SixthSense.omit","n":1000,"game":[-556],"mean":-555.13,"sd":2.05,"p":0.824859}
{"key":"testcases/emulator_verified/philly_bahiti_combo.json#0","name":"Bahiti.SixthSense.marksmen_only","n":1000,"game":[-556],"mean":-555.13,"sd":2.05,"p":0.824859}
{"key":"testcases/emulator_verified/philly_bahiti_combo.json#0","name":"Bahiti.Fluorescence.omit","n":1000,"game":[-556],"mean":-554.76,"sd":1.95,"p":0.867007}
{"key":"testcases/emulator_verified/philly_bahiti_combo.json#0","name":"Bahiti.Fluorescence.marksman_source_only","n":1000,"game":[-556],"mean":-556.82,"sd":1.65,"p":0.816809}
{"key":"testcases/emulator_verified/philly_bahiti_combo.json#0","name":"Bahiti.Fluorescence.one_turn_lifetime","n":1000,"game":[-556],"mean":-558.65,"sd":1.89,"p":0.249038}
{"key":"testcases/emulator_verified/philly_bahiti_combo.json#1","name":"current","n":1000,"game":[-463,-456,-455,-459],"mean":-454.3,"sd":4.38,"p":0.19624}
{"key":"testcases/emulator_verified/philly_bahiti_combo.json#1","name":"Bahiti.SixthSense.omit","n":1000,"game":[-463,-456,-455,-459],"mean":-442.73,"sd":4.78,"p":0.00005}
{"key":"testcases/emulator_verified/philly_bahiti_combo.json#1","name":"Bahiti.SixthSense.marksmen_only","n":1000,"game":[-463,-456,-455,-459],"mean":-442.73,"sd":4.78,"p":0.00005}
{"key":"testcases/emulator_verified/philly_bahiti_combo.json#1","name":"Bahiti.Fluorescence.omit","n":1000,"game":[-463,-456,-455,-459],"mean":-441.48,"sd":3.67,"p":0.00015}
{"key":"testcases/emulator_verified/philly_bahiti_combo.json#1","name":"Bahiti.Fluorescence.marksman_source_only","n":1000,"game":[-463,-456,-455,-459],"mean":-448.61,"sd":4.12,"p":0.00025}
{"key":"testcases/emulator_verified/reina_bahiti_combo_nc.json#0","name":"current","n":1000,"game":[-502],"mean":-483.28,"sd":16.85,"p":0.297735}
{"key":"testcases/emulator_verified/philly_bahiti_combo.json#1","name":"Bahiti.Fluorescence.one_turn_lifetime","n":1000,"game":[-463,-456,-455,-459],"mean":-455.46,"sd":4.5,"p":0.40893}
{"key":"testcases/emulator_verified/reina_bahiti_combo_nc.json#0","name":"Bahiti.SixthSense.omit","n":1000,"game":[-502],"mean":-473.08,"sd":18.53,"p":0.137493}
{"key":"testcases/emulator_verified/reina_bahiti_combo_nc.json#0","name":"Bahiti.SixthSense.marksmen_only","n":1000,"game":[-502],"mean":-477.57,"sd":16.57,"p":0.177191}
{"key":"testcases/emulator_verified/wos451_bradley_s21_lancer_damage_up_bucket.json#0","name":"current","n":1,"game":[2736],"mean":2736,"sd":0,"p":null}
{"key":"testcases/emulator_verified/wos451_bradley_s21_lancer_damage_up_bucket.json#0","name":"Flint.Pyromaniac.omit","n":1,"game":[2736],"mean":2736,"sd":0,"p":null}
{"key":"testcases/emulator_verified/wos451_bradley_s21_lancer_damage_up_bucket.json#0","name":"Flint.Pyromaniac.all_own_types","n":1,"game":[2736],"mean":2742,"sd":0,"p":null}
{"key":"testcases/emulator_verified/wos451_bradley_s21_lancer_damage_up_bucket.json#0","name":"Flint.BurningResolve.omit","n":1,"game":[2736],"mean":2735,"sd":0,"p":null}
{"key":"testcases/emulator_verified/wos451_bradley_s21_lancer_damage_up_bucket.json#0","name":"Flint.BurningResolve.infantry_only","n":1,"game":[2736],"mean":2735,"sd":0,"p":null}
{"key":"testcases/emulator_verified/wos451_bradley_s22_infantry_damage_up_bucket.json#0","name":"current","n":1,"game":[2746],"mean":2746,"sd":0,"p":null}
{"key":"testcases/emulator_verified/wos451_bradley_s22_infantry_damage_up_bucket.json#0","name":"Flint.Pyromaniac.omit","n":1,"game":[2746],"mean":2746,"sd":0,"p":null}
{"key":"testcases/emulator_verified/wos451_bradley_s22_infantry_damage_up_bucket.json#0","name":"Flint.Pyromaniac.all_own_types","n":1,"game":[2746],"mean":2754,"sd":0,"p":null}
{"key":"testcases/emulator_verified/wos451_bradley_s22_infantry_damage_up_bucket.json#0","name":"Flint.BurningResolve.omit","n":1,"game":[2746],"mean":2744,"sd":0,"p":null}
{"key":"testcases/emulator_verified/wos451_bradley_s22_infantry_damage_up_bucket.json#0","name":"Flint.BurningResolve.infantry_only","n":1,"game":[2746],"mean":2744,"sd":0,"p":null}
{"key":"testcases/emulator_verified/wos451_bradley_s3_all_damage_up_bucket.json#0","name":"current","n":1,"game":[6151],"mean":6151,"sd":0,"p":null}
{"key":"testcases/emulator_verified/wos451_bradley_s3_all_damage_up_bucket.json#0","name":"Flint.Pyromaniac.omit","n":1,"game":[6151],"mean":6151,"sd":0,"p":null}
{"key":"testcases/emulator_verified/wos451_bradley_s3_all_damage_up_bucket.json#0","name":"Flint.Pyromaniac.all_own_types","n":1,"game":[6151],"mean":6158,"sd":0,"p":null}
{"key":"testcases/emulator_verified/wos451_bradley_s3_all_damage_up_bucket.json#0","name":"Flint.BurningResolve.omit","n":1,"game":[6151],"mean":6150,"sd":0,"p":null}
{"key":"testcases/emulator_verified/wos451_bradley_s3_all_damage_up_bucket.json#0","name":"Flint.BurningResolve.infantry_only","n":1,"game":[6151],"mean":6150,"sd":0,"p":null}
{"key":"testcases/emulator_verified/reina_bahiti_combo_nc.json#0","name":"Bahiti.Fluorescence.omit","n":1000,"game":[-502],"mean":-470.78,"sd":18.33,"p":0.102895}
{"key":"testcases/emulator_verified/wos451_gordon_s11_lancer_damage_up_bucket.json#0","name":"Flint.Pyromaniac.omit","n":1,"game":[-1517],"mean":-1516,"sd":0,"p":null}
{"key":"testcases/emulator_verified/wos451_gordon_s11_lancer_damage_up_bucket.json#0","name":"current","n":1,"game":[-1517],"mean":-1516,"sd":0,"p":null}
{"key":"testcases/emulator_verified/wos451_gordon_s11_lancer_damage_up_bucket.json#0","name":"Flint.Pyromaniac.all_own_types","n":1,"game":[-1517],"mean":-841,"sd":0,"p":null}
{"key":"testcases/emulator_verified/reina_bahiti_combo_nc.json#0","name":"Bahiti.Fluorescence.marksman_source_only","n":1000,"game":[-502],"mean":-477.32,"sd":17.66,"p":0.20694}
{"key":"testcases/emulator_verified/wos451_gordon_s11_lancer_damage_up_bucket.json#0","name":"Flint.Immolation.omit","n":1,"game":[-1517],"mean":-1587,"sd":0,"p":null}
{"key":"testcases/emulator_verified/wos451_gordon_s11_lancer_damage_up_bucket.json#0","name":"Flint.BurningResolve.omit","n":1,"game":[-1517],"mean":-1674,"sd":0,"p":null}
{"key":"testcases/emulator_verified/reina_bahiti_combo_nc.json#0","name":"Bahiti.Fluorescence.one_turn_lifetime","n":1000,"game":[-502],"mean":-483.28,"sd":16.85,"p":0.297735}
{"key":"testcases/emulator_verified/wos451_gordon_s21_lancer_damage_up_bucket.json#0","name":"Flint.Pyromaniac.omit","n":1,"game":[-1017],"mean":-1016,"sd":0,"p":null}
{"key":"testcases/emulator_verified/wos451_gordon_s11_lancer_damage_up_bucket.json#0","name":"Flint.BurningResolve.infantry_only","n":1,"game":[-1517],"mean":-1674,"sd":0,"p":null}
{"key":"testcases/emulator_verified/wos451_gordon_s11_lancer_damage_up_bucket.json#0","name":"Flint.Immolation.infantry_only","n":1,"game":[-1517],"mean":-1587,"sd":0,"p":null}
{"key":"testcases/emulator_verified/wos451_gordon_s21_lancer_damage_up_bucket.json#0","name":"current","n":1,"game":[-1017],"mean":-1016,"sd":0,"p":null}
{"key":"testcases/emulator_verified/wos451_gordon_s21_lancer_damage_up_bucket.json#0","name":"Flint.BurningResolve.omit","n":1,"game":[-1017],"mean":-1134,"sd":0,"p":null}
{"key":"testcases/emulator_verified/wos451_gordon_s21_lancer_damage_up_bucket.json#0","name":"Flint.BurningResolve.infantry_only","n":1,"game":[-1017],"mean":-1134,"sd":0,"p":null}
{"key":"testcases/emulator_verified/wos451_gordon_s21_lancer_damage_up_bucket.json#0","name":"Flint.Immolation.omit","n":1,"game":[-1017],"mean":-1069,"sd":0,"p":null}
{"key":"testcases/emulator_verified/wos451_gordon_s21_lancer_damage_up_bucket.json#0","name":"Flint.Immolation.infantry_only","n":1,"game":[-1017],"mean":-1069,"sd":0,"p":null}
{"key":"testcases/emulator_verified/wos451_gordon_s21_lancer_damage_up_bucket.json#0","name":"Flint.Pyromaniac.all_own_types","n":1,"game":[-1017],"mean":-500,"sd":0,"p":null}
{"key":"testcases/heroes_unittests/Flint_tc.json#0","name":"Flint.Pyromaniac.omit","n":1,"game":[-150,-151,-149,-149,-150],"mean":-143,"sd":0,"p":null}
{"key":"testcases/heroes_unittests/Flint_tc.json#0","name":"current","n":1,"game":[-150,-151,-149,-149,-150],"mean":-150,"sd":0,"p":null}
{"key":"testcases/heroes_unittests/Flint_tc.json#0","name":"Flint.Pyromaniac.all_own_types","n":1,"game":[-150,-151,-149,-149,-150],"mean":-168,"sd":0,"p":null}
{"key":"testcases/heroes_unittests/Flint_tc.json#0","name":"Flint.Immolation.omit","n":1,"game":[-150,-151,-149,-149,-150],"mean":-141,"sd":0,"p":null}
{"key":"testcases/heroes_unittests/Flint_tc.json#0","name":"Flint.BurningResolve.infantry_only","n":1,"game":[-150,-151,-149,-149,-150],"mean":-144,"sd":0,"p":null}
{"key":"testcases/heroes_unittests/Flint_tc.json#0","name":"Flint.BurningResolve.omit","n":1,"game":[-150,-151,-149,-149,-150],"mean":-141,"sd":0,"p":null}
{"key":"testcases/heroes_unittests/Flint_tc.json#0","name":"Flint.Immolation.infantry_only","n":1,"game":[-150,-151,-149,-149,-150],"mean":-144,"sd":0,"p":null}
{"key":"testcases/heroes_unittests/Flint_tc.json#1","name":"Flint.Pyromaniac.omit","n":1,"game":[5720,5756,5736,5715,5733,5736],"mean":5889,"sd":0,"p":null}
{"key":"testcases/heroes_unittests/Flint_tc.json#1","name":"Flint.Pyromaniac.all_own_types","n":1,"game":[5720,5756,5736,5715,5733,5736],"mean":4995,"sd":0,"p":null}
{"key":"testcases/heroes_unittests/Flint_tc.json#1","name":"current","n":1,"game":[5720,5756,5736,5715,5733,5736],"mean":5762,"sd":0,"p":null}
{"key":"testcases/heroes_unittests/Flint_tc.json#1","name":"Flint.Immolation.infantry_only","n":1,"game":[5720,5756,5736,5715,5733,5736],"mean":5921,"sd":0,"p":null}
{"key":"testcases/heroes_unittests/Flint_tc.json#1","name":"Flint.Immolation.omit","n":1,"game":[5720,5756,5736,5715,5733,5736],"mean":5969,"sd":0,"p":null}
{"key":"testcases/heroes_unittests/Flint_tc.json#1","name":"Flint.BurningResolve.omit","n":1,"game":[5720,5756,5736,5715,5733,5736],"mean":5969,"sd":0,"p":null}
{"key":"testcases/heroes_unittests/Flint_tc.json#1","name":"Flint.BurningResolve.infantry_only","n":1,"game":[5720,5756,5736,5715,5733,5736],"mean":5921,"sd":0,"p":null}
